Step 10/11 : RUN bundle exec rake RAILS_ENV=production DATABASE_URL=postgresql://user:pass@127.0.0.1/dbname SECRET_TOKEN=pickasecuretoken assets:precompile
 ---> Running in 2504b5f0138f
rake aborted!
Psych::BadAlias: Unknown alias: default
/usr/local/bundle/gems/railties-5.1.4/lib/rails/secrets.rb:27:in `block in parse'
/usr/local/bundle/gems/railties-5.1.4/lib/rails/secrets.rb:24:in `each'
/usr/local/bundle/gems/railties-5.1.4/lib/rails/secrets.rb:24:in `each_with_object'
/usr/local/bundle/gems/railties-5.1.4/lib/rails/secrets.rb:24:in `parse'
/usr/local/bundle/gems/railties-5.1.4/lib/rails/application.rb:391:in `secrets'
/usr/local/bundle/gems/devise-4.3.0/lib/devise/rails.rb:36:in `block in <class:Engine>'
/usr/local/bundle/gems/railties-5.1.4/lib/rails/initializable.rb:30:in `instance_exec'
/usr/local/bundle/gems/railties-5.1.4/lib/rails/initializable.rb:30:in `run'
/usr/local/bundle/gems/railties-5.1.4/lib/rails/initializable.rb:59:in `block in run_initializers'
/usr/local/bundle/gems/railties-5.1.4/lib/rails/initializable.rb:58:in `run_initializers'
/usr/local/bundle/gems/railties-5.1.4/lib/rails/application.rb:353:in `initialize!'
/mmt/config/environment.rb:7:in `<top (required)>'
/usr/local/bundle/gems/activesupport-5.1.4/lib/active_support/dependencies.rb:292:in `require'
/usr/local/bundle/gems/activesupport-5.1.4/lib/active_support/dependencies.rb:292:in `block in require'
/usr/local/bundle/gems/activesupport-5.1.4/lib/active_support/dependencies.rb:258:in `load_dependency'
/usr/local/bundle/gems/activesupport-5.1.4/lib/active_support/dependencies.rb:292:in `require'
/usr/local/bundle/gems/railties-5.1.4/lib/rails/application.rb:329:in `require_environment!'
/usr/local/bundle/gems/railties-5.1.4/lib/rails/application.rb:445:in `block in run_tasks_blocks'
/usr/local/bundle/gems/sprockets-rails-3.2.1/lib/sprockets/rails/task.rb:62:in `block (2 levels) in define'
/usr/local/bundle/gems/rake-12.2.1/exe/rake:27:in `<top (required)>'
/usr/local/bundle/bin/bundle:104:in `load'
/usr/local/bundle/bin/bundle:104:in `<main>'
Tasks: TOP => environment
(See full trace by running task with --trace)
The command '/bin/sh -c bundle exec rake RAILS_ENV=production DATABASE_URL=postgresql://user:pass@127.0.0.1/dbname SECRET_TOKEN=pickasecuretoken assets:precompile' returned a non-zero code: 1
